C:\Users\Maxim\IdeaProjects\ServletJspApplication\src\main\java\org\example\db\DatabaseService.java
C:\Users\Maxim\IdeaProjects\ServletJspApplication\src\main\java\org\example\db\SessionUtil.java
C:\Users\Maxim\IdeaProjects\ServletJspApplication\src\main\java\org\example\db\UserTable.java
C:\Users\Maxim\IdeaProjects\ServletJspApplication\src\main\java\org\example\Main.java
C:\Users\Maxim\IdeaProjects\ServletJspApplication\src\main\java\org\example\models\JsonReader.java
C:\Users\Maxim\IdeaProjects\ServletJspApplication\src\main\java\org\example\models\LocalFile.java
C:\Users\Maxim\IdeaProjects\ServletJspApplication\src\main\java\org\example\models\User.java
C:\Users\Maxim\IdeaProjects\ServletJspApplication\src\main\java\org\example\service\UserService.java
C:\Users\Maxim\IdeaProjects\ServletJspApplication\src\main\java\org\example\ServletApplication.java
C:\Users\Maxim\IdeaProjects\ServletJspApplication\src\main\java\org\example\servlets\DiscoverFilesServlet.java
C:\Users\Maxim\IdeaProjects\ServletJspApplication\src\main\java\org\example\servlets\DiscoverPersonalFilesServlet.java
C:\Users\Maxim\IdeaProjects\ServletJspApplication\src\main\java\org\example\servlets\DownloadFileServlet.java
C:\Users\Maxim\IdeaProjects\ServletJspApplication\src\main\java\org\example\servlets\LoginServlet.java
C:\Users\Maxim\IdeaProjects\ServletJspApplication\src\main\java\org\example\servlets\LogoutServlet.java
C:\Users\Maxim\IdeaProjects\ServletJspApplication\src\main\java\org\example\servlets\SignUpServlet.java
